I'm sorry, but errors were detected in your script. Please correct the
errors listed below, and try again.


File "game/chapters/chapter_1.rpy", line 901: end of line expected.
    jump chapter_1_resta            "No":
                                    ^

Ren'Py Version: Ren'Py 8.3.0.24082114
Mon Sep 22 22:02:07 2025
